Player 1 Name: 
Player 2 Name: 
[R]ock, [P]aper, or [S]cissors? 
[R]ock, [P]aper, or [S]cissors?
[R]ock, [P]aper, or [S]cissors?
[R]ock, [P]aper, or [S]cissors?
[R]ock, [P]aper, or [S]cissors?
[R]ock, [P]aper, or [S]cissors?
Ben Wins!